current directory: /home/tdey/src/github/jondoey.github.io/vendor/bundle/ruby/3.4.0/gems/json-2.9.1/ext/json/ext/parser
/usr/bin/ruby extconf.rb
checking for rb_enc_interned_str() in ruby.h... yes
checking for rb_hash_new_capa() in ruby.h... yes
checking for rb_hash_bulk_insert() in ruby.h... yes
checking for rb_category_warn() in ruby.h... yes
checking for strnlen() in string.h... yes
checking for whether -std=c99 is accepted as CFLAGS... yes
creating Makefile

current directory: /home/tdey/src/github/jondoey.github.io/vendor/bundle/ruby/3.4.0/gems/json-2.9.1/ext/json/ext/parser
make DESTDIR\= sitearchdir\=./.gem.20260402-774685-42fcti sitelibdir\=./.gem.20260402-774685-42fcti clean

current directory: /home/tdey/src/github/jondoey.github.io/vendor/bundle/ruby/3.4.0/gems/json-2.9.1/ext/json/ext/parser
make DESTDIR\= sitearchdir\=./.gem.20260402-774685-42fcti sitelibdir\=./.gem.20260402-774685-42fcti
compiling parser.c
linking shared-object json/ext/parser.so

current directory: /home/tdey/src/github/jondoey.github.io/vendor/bundle/ruby/3.4.0/gems/json-2.9.1/ext/json/ext/parser
make DESTDIR\= sitearchdir\=./.gem.20260402-774685-42fcti sitelibdir\=./.gem.20260402-774685-42fcti install
/usr/bin/install -c -m 0755 parser.so ./.gem.20260402-774685-42fcti/json/ext

current directory: /home/tdey/src/github/jondoey.github.io/vendor/bundle/ruby/3.4.0/gems/json-2.9.1/ext/json/ext/parser
make DESTDIR\= sitearchdir\=./.gem.20260402-774685-42fcti sitelibdir\=./.gem.20260402-774685-42fcti clean
